Requirement already satisfied: fastapi in ./venv/lib/python3.12/site-packages (from -r requirements.txt (line 1)) (0.121.1)
Requirement already satisfied: uvicorn in ./venv/lib/python3.12/site-packages (from -r requirements.txt (line 2)) (0.38.0)
Requirement already satisfied: sqlalchemy in ./venv/lib/python3.12/site-packages (from -r requirements.txt (line 3)) (2.0.44)
Requirement already satisfied: psycopg2-binary in ./venv/lib/python3.12/site-packages (from -r requirements.txt (line 4)) (2.9.11)
Requirement already satisfied: passlib==1.7.4 in ./venv/lib/python3.12/site-packages (from passlib[bcrypt]==1.7.4->-r requirements.txt (line 5)) (1.7.4)
Requirement already satisfied: bcrypt==4.3.0 in ./venv/lib/python3.12/site-packages (from -r requirements.txt (line 6)) (4.3.0)
Requirement already satisfied: python-jose[cryptography] in ./venv/lib/python3.12/site-packages (from -r requirements.txt (line 7)) (3.5.0)
Requirement already satisfied: pydantic[email] in ./venv/lib/python3.12/site-packages (from -r requirements.txt (line 8)) (2.12.4)
Requirement already satisfied: starlette<0.50.0,>=0.40.0 in ./venv/lib/python3.12/site-packages (from fastapi->-r requirements.txt (line 1)) (0.49.3)
Requirement already satisfied: typing-extensions>=4.8.0 in ./venv/lib/python3.12/site-packages (from fastapi->-r requirements.txt (line 1)) (4.15.0)
Requirement already satisfied: annotated-doc>=0.0.2 in ./venv/lib/python3.12/site-packages (from fastapi->-r requirements.txt (line 1)) (0.0.4)
Requirement already satisfied: annotated-types>=0.6.0 in ./venv/lib/python3.12/site-packages (from pydantic[email]->-r requirements.txt (line 8)) (0.7.0)
Requirement already satisfied: pydantic-core==2.41.5 in ./venv/lib/python3.12/site-packages (from pydantic[email]->-r requirements.txt (line 8)) (2.41.5)
Requirement already satisfied: typing-inspection>=0.4.2 in ./venv/lib/python3.12/site-packages (from pydantic[email]->-r requirements.txt (line 8)) (0.4.2)
Requirement already satisfied: anyio<5,>=3.6.2 in ./venv/lib/python3.12/site-packages (from starlette<0.50.0,>=0.40.0->fastapi->-r requirements.txt (line 1)) (4.11.0)
Requirement already satisfied: idna>=2.8 in ./venv/lib/python3.12/site-packages (from anyio<5,>=3.6.2->starlette<0.50.0,>=0.40.0->fastapi->-r requirements.txt (line 1)) (3.11)
Requirement already satisfied: sniffio>=1.1 in ./venv/lib/python3.12/site-packages (from anyio<5,>=3.6.2->starlette<0.50.0,>=0.40.0->fastapi->-r requirements.txt (line 1)) (1.3.1)
Requirement already satisfied: click>=7.0 in ./venv/lib/python3.12/site-packages (from uvicorn->-r requirements.txt (line 2)) (8.3.0)
Requirement already satisfied: h11>=0.8 in ./venv/lib/python3.12/site-packages (from uvicorn->-r requirements.txt (line 2)) (0.16.0)
Requirement already satisfied: greenlet>=1 in ./venv/lib/python3.12/site-packages (from sqlalchemy->-r requirements.txt (line 3)) (3.2.4)
Requirement already satisfied: ecdsa!=0.15 in ./venv/lib/python3.12/site-packages (from python-jose[cryptography]->-r requirements.txt (line 7)) (0.19.1)
Requirement already satisfied: rsa!=4.1.1,!=4.4,<5.0,>=4.0 in ./venv/lib/python3.12/site-packages (from python-jose[cryptography]->-r requirements.txt (line 7)) (4.9.1)
Requirement already satisfied: pyasn1>=0.5.0 in ./venv/lib/python3.12/site-packages (from python-jose[cryptography]->-r requirements.txt (line 7)) (0.6.1)
Requirement already satisfied: cryptography>=3.4.0 in ./venv/lib/python3.12/site-packages (from python-jose[cryptography]->-r requirements.txt (line 7)) (46.0.3)
Requirement already satisfied: email-validator>=2.0.0 in ./venv/lib/python3.12/site-packages (from pydantic[email]->-r requirements.txt (line 8)) (2.3.0)
Requirement already satisfied: cffi>=2.0.0 in ./venv/lib/python3.12/site-packages (from cryptography>=3.4.0->python-jose[cryptography]->-r requirements.txt (line 7)) (2.0.0)
Requirement already satisfied: pycparser in ./venv/lib/python3.12/site-packages (from cffi>=2.0.0->cryptography>=3.4.0->python-jose[cryptography]->-r requirements.txt (line 7)) (2.23)
Requirement already satisfied: six>=1.9.0 in ./venv/lib/python3.12/site-packages (from ecdsa!=0.15->python-jose[cryptography]->-r requirements.txt (line 7)) (1.17.0)
Requirement already satisfied: dnspython>=2.0.0 in ./venv/lib/python3.12/site-packages (from email-validator>=2.0.0->pydantic[email]->-r requirements.txt (line 8)) (2.8.0)
